\BOOKMARK [1][-]{section.1}{\376\377\0001\000\040\000G\000i\036\333\000i\000\040\000t\000h\000i\036\307\000u}{}% 1
\BOOKMARK [2][-]{subsection.1.1}{\376\377\0001\000.\0001\000\040\000C\000h\036\347\000\040\001\021\036\301}{section.1}% 2
\BOOKMARK [2][-]{subsection.1.2}{\376\377\0001\000.\0002\000\040\000T\000h\000\340\000n\000h\000\040\000v\000i\000\352\000n\000\040\000n\000h\000\363\000m}{section.1}% 3
\BOOKMARK [2][-]{subsection.1.3}{\376\377\0001\000.\0003\000\040\000L\036\313\000c\000h\000\040\000s\036\355\000\040\000c\000h\036\311\000n\000h\000\040\000s\036\355\000a}{section.1}% 4
\BOOKMARK [2][-]{subsection.1.4}{\376\377\0001\000.\0004\000\040\000P\000h\036\241\000m\000\040\000v\000i}{section.1}% 5
\BOOKMARK [1][-]{section.2}{\376\377\0002\000\040\000G\000i\036\333\000i\000\040\000t\000h\000i\036\307\000u\000\040\000t\036\325\000n\000g\000\040\000q\000u\000a\000n\000\040\001\021\036\301\000\040\000t\000\340\000i}{}% 6
\BOOKMARK [2][-]{subsection.2.1}{\376\377\0002\000.\0001\000\040\000B\036\321\000i\000\040\000c\036\243\000n\000h}{section.2}% 7
\BOOKMARK [2][-]{subsection.2.2}{\376\377\0002\000.\0002\000\040\000V\000i\000s\000u\000a\000l\000\040\000P\000r\000o\000d\000u\000c\000t\000\040\000I\000m\000a\000g\000e\000\040\000S\000e\000a\000r\000c\000h\000\040\000l\000\340\000\040\000g\000\354\000?}{section.2}% 8
\BOOKMARK [2][-]{subsection.2.3}{\376\377\0002\000.\0003\000\040\000T\036\241\000i\000\040\000s\000a\000o\000\040\000t\000o\000p\000i\000c\000\040\000n\000\340\000y\000\040\000q\000u\000a\000n\000\040\000t\000r\036\315\000n\000g\000?}{section.2}% 9
\BOOKMARK [2][-]{subsection.2.4}{\376\377\0002\000.\0004\000\040\000O\000v\000e\000r\000v\000i\000e\000w\000\040\000h\036\307\000\040\000t\000h\036\321\000n\000g\000\040\001\021\036\301\000\040\000x\000u\036\245\000t}{section.2}% 10
\BOOKMARK [1][-]{section.3}{\376\377\0003\000\040\000P\000r\000o\000d\000u\000c\000t\000\040\000E\000-\000c\000o\000m\000m\000e\000r\000c\000e\000\040\000I\000m\000a\000g\000e}{}% 11
\BOOKMARK [2][-]{subsection.3.1}{\376\377\0003\000.\0001\000\040\000K\000h\000\341\000i\000\040\000n\000i\036\307\000m}{section.3}% 12
\BOOKMARK [2][-]{subsection.3.2}{\376\377\0003\000.\0002\000\040\000C\000\341\000c\000\040\000t\000\355\000n\000h\000\040\000c\000h\036\245\000t\000\040\000q\000u\000a\000n\000\040\000t\000r\036\315\000n\000g}{section.3}% 13
\BOOKMARK [2][-]{subsection.3.3}{\376\377\0003\000.\0003\000\040\000C\000\341\000c\000\040\000g\000a\000p\000\040\000c\036\247\000n\000\040\000x\036\355\000\040\000l\000\375}{section.3}% 14
\BOOKMARK [2][-]{subsection.3.4}{\376\377\0003\000.\0004\000\040\000Q\000u\000y\000\040\000t\000r\000\354\000n\000h\000\040\000v\000i\000s\000u\000a\000l\000\040\000s\000e\000a\000r\000c\000h\000\040\001\021\000i\036\303\000n\000\040\000h\000\354\000n\000h}{section.3}% 15
\BOOKMARK [2][-]{subsection.3.5}{\376\377\0003\000.\0005\000\040\000K\036\277\000t\000\040\000l\000u\036\255\000n\000\040\000c\000h\000u\000y\036\303\000n\000\040\000t\000i\036\277\000p}{section.3}% 16
\BOOKMARK [1][-]{section.4}{\376\377\0004\000\040\000D\000a\000t\000a\000s\000e\000t\000:\000\040\000M\0005\000P\000r\000o\000d\000u\000c\000t}{}% 17
\BOOKMARK [2][-]{subsection.4.1}{\376\377\0004\000.\0001\000\040\000C\000h\000u\000y\036\303\000n\000\040\000t\000i\036\277\000p\000\040\000t\036\353\000\040\000P\000r\000o\000d\000u\000c\000t\000\040\000E\000-\000c\000o\000m\000m\000e\000r\000c\000e\000\040\000I\000m\000a\000g\000e}{section.4}% 18
\BOOKMARK [2][-]{subsection.4.2}{\376\377\0004\000.\0002\000\040\000T\036\325\000n\000g\000\040\000q\000u\000a\000n\000\040\000M\0005\000P\000r\000o\000d\000u\000c\000t}{section.4}% 19
\BOOKMARK [2][-]{subsection.4.3}{\376\377\0004\000.\0003\000\040\000V\000a\000i\000\040\000t\000r\000\362\000\040\000c\036\347\000a\000\040\000t\036\353\000n\000g\000\040\000m\000o\000d\000a\000l\000i\000t\000y}{section.4}% 20
\BOOKMARK [2][-]{subsection.4.4}{\376\377\0004\000.\0004\000\040\000D\000a\000t\000a\000s\000e\000t\000\040\000s\000p\000l\000i\000t\000\040\000v\000\340\000\040\000a\000n\000n\000o\000t\000a\000t\000i\000o\000n}{section.4}% 21
\BOOKMARK [2][-]{subsection.4.5}{\376\377\0004\000.\0005\000\040\000V\000\354\000\040\000s\000a\000o\000\040\000M\0005\000P\000r\000o\000d\000u\000c\000t\000\040\000p\000h\000\371\000\040\000h\036\343\000p\000\040\000v\036\333\000i\000\040\001\021\036\301\000\040\000t\000\340\000i\000?}{section.4}% 22
\BOOKMARK [2][-]{subsection.4.6}{\376\377\0004\000.\0006\000\040\000C\000\341\000c\000h\000\040\000s\036\355\000\040\000d\036\345\000n\000g\000\040\000t\000r\000o\000n\000g\000\040\001\021\036\301\000\040\000t\000\340\000i}{section.4}% 23
\BOOKMARK [1][-]{section.5}{\376\377\0005\000\040\000P\000r\000o\000b\000l\000e\000m\000\040\000S\000t\000a\000t\000e\000m\000e\000n\000t}{}% 24
\BOOKMARK [2][-]{subsection.5.1}{\376\377\0005\000.\0001\000\040\000M\036\345\000c\000\040\000t\000i\000\352\000u}{section.5}% 25
\BOOKMARK [2][-]{subsection.5.2}{\376\377\0005\000.\0002\000\040\001\020\036\313\000n\000h\000\040\000n\000g\000h\001\051\000a\000\040\000h\000\354\000n\000h\000\040\000t\000h\036\351\000c}{section.5}% 26
\BOOKMARK [2][-]{subsection.5.3}{\376\377\0005\000.\0003\000\040\000Y\000\352\000u\000\040\000c\036\247\000u\000\040\000h\036\307\000\040\000t\000h\036\321\000n\000g}{section.5}% 27
\BOOKMARK [2][-]{subsection.5.4}{\376\377\0005\000.\0004\000\040\000O\000u\000t\000p\000u\000t\000\040\000m\000o\000n\000g\000\040\000m\000u\036\321\000n}{section.5}% 28
\BOOKMARK [1][-]{section.6}{\376\377\0006\000\040\000R\000e\000l\000a\000t\000e\000d\000\040\000W\000o\000r\000k\000s}{}% 29
\BOOKMARK [2][-]{subsection.6.1}{\376\377\0006\000.\0001\000\040\000T\036\325\000n\000g\000\040\000q\000u\000a\000n}{section.6}% 30
\BOOKMARK [2][-]{subsection.6.2}{\376\377\0006\000.\0002\000\040\000C\000\341\000c\000\040\000c\000\364\000n\000g\000\040\000t\000r\000\354\000n\000h\000\040\000l\000i\000\352\000n\000\040\000q\000u\000a\000n}{section.6}% 31
\BOOKMARK [2][-]{subsection.6.3}{\376\377\0006\000.\0003\000\040\000B\036\243\000n\000g\000\040\000s\000o\000\040\000s\000\341\000n\000h\000\040\000t\000h\000e\000o\000\040\000g\000a\000p}{section.6}% 32
\BOOKMARK [2][-]{subsection.6.4}{\376\377\0006\000.\0004\000\040\000V\000\354\000\040\000s\000a\000o\000\040\000l\036\361\000a\000\040\000c\000h\036\315\000n\000\040\000n\000\340\000y\000\040\000p\000h\000\371\000\040\000h\036\343\000p\000\040\000v\036\333\000i\000\040\000P\000r\000o\000d\000u\000c\000t\000\040\000E\000-\000c\000o\000m\000m\000e\000r\000c\000e\000\040\000R\000e\000t\000r\000i\000e\000v\000a\000l}{section.6}% 33
\BOOKMARK [2][-]{subsection.6.5}{\376\377\0006\000.\0005\000\040\000K\036\277\000t\000\040\000l\000u\036\255\000n\000\040\000l\036\361\000a\000\040\000c\000h\036\315\000n\000\040\000p\000h\001\260\001\241\000n\000g\000\040\000p\000h\000\341\000p}{section.6}% 34
\BOOKMARK [1][-]{section.7}{\376\377\0007\000\040\000M\000e\000t\000h\000o\000d\000o\000l\000o\000g\000y}{}% 35
\BOOKMARK [2][-]{subsection.7.1}{\376\377\0007\000.\0001\000\040\000M\036\345\000c\000\040\000t\000i\000\352\000u\000\040\000k\036\371\000\040\000t\000h\000u\036\255\000t}{section.7}% 36
\BOOKMARK [2][-]{subsection.7.2}{\376\377\0007\000.\0002\000\040\000M\036\331\000t\000\040\000k\000h\000\341\000i\000\040\000n\000i\036\307\000m\000\040\000n\036\301\000n\000:\000\040\000t\000o\000k\000e\000n\000,\000\040\000f\000e\000a\000t\000u\000r\000e\000\040\000v\000\340\000\040\000e\000m\000b\000e\000d\000d\000i\000n\000g}{section.7}% 37
\BOOKMARK [2][-]{subsection.7.3}{\376\377\0007\000.\0003\000\040\000T\036\325\000n\000g\000\040\000q\000u\000a\000n\000\040\000k\000i\036\277\000n\000\040\000t\000r\000\372\000c\000\040\000S\000C\000A\000L\000E}{section.7}% 38
\BOOKMARK [2][-]{subsection.7.4}{\376\377\0007\000.\0004\000\040\000I\000m\000a\000g\000e\000\040\000b\000r\000a\000n\000c\000h\000:\000\040\000I\000m\000a\000g\000e\000\040\000R\000e\000g\000i\000o\000n\000s\000\040\000\040\000I\000m\000a\000g\000e\000\040\000T\000r\000a\000n\000s\000f\000o\000r\000m\000e\000r}{section.7}% 39
\BOOKMARK [2][-]{subsection.7.5}{\376\377\0007\000.\0005\000\040\000T\000e\000x\000t\000\040\000b\000r\000a\000n\000c\000h\000:\000\040\000T\000e\000x\000t\000\040\000T\000o\000k\000e\000n\000s\000\040\000\040\000T\000e\000x\000t\000\040\000T\000r\000a\000n\000s\000f\000o\000r\000m\000e\000r}{section.7}% 40
\BOOKMARK [2][-]{subsection.7.6}{\376\377\0007\000.\0006\000\040\000T\000a\000b\000l\000e\000\040\000b\000r\000a\000n\000c\000h\000:\000\040\000T\000a\000b\000l\000e\000\040\000E\000n\000t\000i\000t\000i\000e\000s\000\040\000\040\000T\000a\000b\000l\000e\000\040\000T\000r\000a\000n\000s\000f\000o\000r\000m\000e\000r}{section.7}% 41
\BOOKMARK [2][-]{subsection.7.7}{\376\377\0007\000.\0007\000\040\000V\000i\000d\000e\000o\000\040\000b\000r\000a\000n\000c\000h\000:\000\040\000V\000i\000d\000e\000o\000\040\000F\000r\000a\000m\000e\000s\000\040\000\040\000V\000i\000d\000e\000o\000\040\000T\000r\000a\000n\000s\000f\000o\000r\000m\000e\000r}{section.7}% 42
\BOOKMARK [2][-]{subsection.7.8}{\376\377\0007\000.\0008\000\040\000A\000u\000d\000i\000o\000\040\000b\000r\000a\000n\000c\000h\000:\000\040\000A\000u\000d\000i\000o\000\040\000M\000F\000C\000C\000\040\000\040\000A\000u\000d\000i\000o\000\040\000T\000r\000a\000n\000s\000f\000o\000r\000m\000e\000r}{section.7}% 43
\BOOKMARK [2][-]{subsection.7.9}{\376\377\0007\000.\0009\000\040\000C\000o\000n\000c\000a\000t\000e\000n\000a\000t\000e\000\040\000T\000o\000k\000e\000n\000s\000:\000\040\000n\036\321\000i\000\040\000c\000\341\000c\000\040\000m\000o\000d\000a\000l\000i\000t\000y\000\040\000n\000h\001\260\000\040\000t\000h\036\277\000\040\000n\000\340\000o\000?}{section.7}% 44
\BOOKMARK [2][-]{subsection.7.10}{\376\377\0007\000.\0001\0000\000\040\000J\000o\000i\000n\000t\000\040\000C\000o\000-\000T\000r\000a\000n\000s\000f\000o\000r\000m\000e\000r\000\040\000\050\000J\000C\000T\000\051}{section.7}% 45
\BOOKMARK [2][-]{subsection.7.11}{\376\377\0007\000.\0001\0001\000\040\000S\000e\000l\000f\000-\000s\000u\000p\000e\000r\000v\000i\000s\000e\000d\000\040\000m\000a\000s\000k\000e\000d\000\040\000t\000a\000s\000k\000s}{section.7}% 46
\BOOKMARK [2][-]{subsection.7.12}{\376\377\0007\000.\0001\0002\000\040\000S\000e\000l\000f\000-\000h\000a\000r\000m\000o\000n\000i\000z\000e\000d\000\040\000I\000n\000t\000e\000r\000-\000M\000o\000d\000a\000l\000i\000t\000y\000\040\000C\000o\000n\000t\000r\000a\000s\000t\000i\000v\000e\000\040\000L\000e\000a\000r\000n\000i\000n\000g\000\040\000\050\000S\000I\000M\000C\000L\000\051}{section.7}% 47
\BOOKMARK [2][-]{subsection.7.13}{\376\377\0007\000.\0001\0003\000\040\000E\000m\000b\000e\000d\000d\000i\000n\000g\000\040\000e\000x\000t\000r\000a\000c\000t\000i\000o\000n}{section.7}% 48
\BOOKMARK [2][-]{subsection.7.14}{\376\377\0007\000.\0001\0004\000\040\000R\000e\000t\000r\000i\000e\000v\000a\000l\000\040\000i\000n\000d\000e\000x\000:\000\040\000F\000l\000a\000t\000\040\000b\000a\000s\000e\000l\000i\000n\000e\000,\000\040\000F\000a\000i\000s\000s\000\040\000H\000N\000S\000W\000,\000\040\000I\000V\000F\000-\000P\000Q\000\040\000v\000\340\000\040\000S\000c\000a\000N\000N}{section.7}% 49
\BOOKMARK [2][-]{subsection.7.15}{\376\377\0007\000.\0001\0005\000\040\000I\000n\000d\000e\000x\000\040\000b\000u\000i\000l\000d\000i\000n\000g\000\040\000p\000i\000p\000e\000l\000i\000n\000e}{section.7}% 50
\BOOKMARK [2][-]{subsection.7.16}{\376\377\0007\000.\0001\0006\000\040\000T\000r\000a\000i\000n\000i\000n\000g\000\040\000w\000o\000r\000k\000f\000l\000o\000w}{section.7}% 51
\BOOKMARK [2][-]{subsection.7.17}{\376\377\0007\000.\0001\0007\000\040\000T\000e\000s\000t\000i\000n\000g\000\040\000a\000n\000d\000\040\000e\000v\000a\000l\000u\000a\000t\000i\000o\000n\000\040\000w\000o\000r\000k\000f\000l\000o\000w}{section.7}% 52
\BOOKMARK [2][-]{subsection.7.18}{\376\377\0007\000.\0001\0008\000\040\000S\000e\000r\000v\000i\000n\000g\000\040\000d\000e\000s\000i\000g\000n}{section.7}% 53
\BOOKMARK [2][-]{subsection.7.19}{\376\377\0007\000.\0001\0009\000\040\000R\036\347\000i\000\040\000r\000o\000\040\000v\000\340\000\040\000h\001\260\036\333\000n\000g\000\040\000x\036\355\000\040\000l\000\375}{section.7}% 54
\BOOKMARK [2][-]{subsection.7.20}{\376\377\0007\000.\0002\0000\000\040\000T\000\363\000m\000\040\000t\036\257\000t}{section.7}% 55
\BOOKMARK [1][-]{section.8}{\376\377\0008\000\040\000E\000x\000p\000e\000c\000t\000e\000d\000\040\000R\000e\000s\000u\000l\000t\000s\000\040\000a\000n\000d\000\040\000E\000v\000a\000l\000u\000a\000t\000i\000o\000n}{}% 56
\BOOKMARK [2][-]{subsection.8.1}{\376\377\0008\000.\0001\000\040\000K\036\277\000t\000\040\000q\000u\036\243\000\040\000m\000o\000n\000g\000\040\000m\000u\036\321\000n}{section.8}% 57
\BOOKMARK [2][-]{subsection.8.2}{\376\377\0008\000.\0002\000\040\000T\000i\000\352\000u\000\040\000c\000h\000\355\000\040\001\021\000\341\000n\000h\000\040\000g\000i\000\341\000\040\000c\000h\036\245\000t\000\040\000l\001\260\036\343\000n\000g\000\040\000m\000\364\000\040\000h\000\354\000n\000h}{section.8}% 58
\BOOKMARK [2][-]{subsection.8.3}{\376\377\0008\000.\0003\000\040\000T\000i\000\352\000u\000\040\000c\000h\000\355\000\040\001\021\000\341\000n\000h\000\040\000g\000i\000\341\000\040\000h\036\307\000\040\000t\000h\036\321\000n\000g\000\040\000r\000e\000t\000r\000i\000e\000v\000a\000l}{section.8}% 59
\BOOKMARK [2][-]{subsection.8.4}{\376\377\0008\000.\0004\000\040\000T\000i\000\352\000u\000\040\000c\000h\000\355\000\040\001\021\000\341\000n\000h\000\040\000g\000i\000\341\000\040\000s\036\243\000n\000\040\000p\000h\036\251\000m\000\040\000s\000o\000\040\000v\036\333\000i\000\040\000s\036\243\000n\000\040\000p\000h\036\251\000m\000\040\000k\000h\000\341\000c}{section.8}% 60
\BOOKMARK [2][-]{subsection.8.5}{\376\377\0008\000.\0005\000\040\000T\000a\000r\000g\000e\000t\000\040\000k\036\363\000\040\000v\036\315\000n\000g\000\040\000b\000a\000n\000\040\001\021\036\247\000u}{section.8}% 61
\BOOKMARK [2][-]{subsection.8.6}{\376\377\0008\000.\0006\000\040\000F\000a\000i\000l\000u\000r\000e\000\040\000a\000n\000a\000l\000y\000s\000i\000s\000\040\000d\036\361\000\040\000k\000i\036\277\000n}{section.8}% 62
\BOOKMARK [1][-]{section.9}{\376\377\0009\000\040\000E\000x\000e\000c\000u\000t\000i\000o\000n\000\040\000P\000l\000a\000n}{}% 63
\BOOKMARK [2][-]{subsection.9.1}{\376\377\0009\000.\0001\000\040\000T\000h\036\335\000i\000\040\000g\000i\000a\000n\000\040\000t\000h\036\361\000c\000\040\000h\000i\036\307\000n}{section.9}% 64
\BOOKMARK [2][-]{subsection.9.2}{\376\377\0009\000.\0002\000\040\000M\000i\000l\000e\000s\000t\000o\000n\000e\000s}{section.9}% 65
\BOOKMARK [2][-]{subsection.9.3}{\376\377\0009\000.\0003\000\040\000P\000h\000\342\000n\000\040\000c\000\364\000n\000g\000\040\000d\036\361\000\040\000k\000i\036\277\000n}{section.9}% 66
\BOOKMARK [2][-]{subsection.9.4}{\376\377\0009\000.\0004\000\040\000R\036\347\000i\000\040\000r\000o\000\040\000k\036\277\000\040\000h\000o\036\241\000c\000h}{section.9}% 67
\BOOKMARK [1][-]{section.10}{\376\377\0001\0000\000\040\000A\000p\000p\000e\000n\000d\000i\000x\000\040\000a\000n\000d\000\040\000R\000e\000f\000e\000r\000e\000n\000c\000e\000s}{}% 68
\BOOKMARK [2][-]{subsection.10.1}{\376\377\0001\0000\000.\0001\000\040\000R\000e\000f\000e\000r\000e\000n\000c\000e\000s\000\040\000t\036\353\000\040\000l\000o\000c\000a\000l\000\040\000p\000a\000p\000e\000r\000s}{section.10}% 69
\BOOKMARK [2][-]{subsection.10.2}{\376\377\0001\0000\000.\0002\000\040\000R\000e\000f\000e\000r\000e\000n\000c\000e\000s\000\040\001\021\001\260\036\343\000c\000\040\000t\000r\000\355\000c\000h\000\040\000t\000r\000o\000n\000g\000\040\000m\000e\000t\000h\000o\000d\000o\000l\000o\000g\000y}{section.10}% 70
\BOOKMARK [2][-]{subsection.10.3}{\376\377\0001\0000\000.\0003\000\040\000T\000o\000o\000l\000/\000l\000i\000b\000r\000a\000r\000y\000\040\000r\000e\000f\000e\000r\000e\000n\000c\000e\000s}{section.10}% 71
\BOOKMARK [2][-]{subsection.10.4}{\376\377\0001\0000\000.\0004\000\040\000P\000a\000p\000e\000r\000\040\000r\000e\000f\000e\000r\000e\000n\000c\000e\000s\000\040\000f\000o\000r\000\040\000t\000o\000o\000l\000s\000\040\000a\000n\000d\000\040\000m\000o\000d\000e\000l\000\040\000c\000o\000m\000p\000o\000n\000e\000n\000t\000s}{section.10}% 72
\BOOKMARK [2][-]{subsection.10.5}{\376\377\0001\0000\000.\0005\000\040\000A\000p\000p\000e\000n\000d\000i\000x\000:\000\040\000k\000\375\000\040\000h\000i\036\307\000u}{section.10}% 73
