This is pdfTeX, Version 3.141592653-2.6-1.40.29 (MiKTeX 26.5 Portable) (preloaded format=pdflatex 2026.8.28)  28 AUG 2026 11:51
entering extended mode
 restricted \write18 enabled.
 file:line:error style messages enabled.
 %&-line parsing enabled.
**./main.tex
(main.tex
LaTeX2e <2026-06-01>
L3 programming layer <2026-07-20>

! LaTeX Error: File `IEEEtran.cls' not found.

Type X to quit or <RETURN> to proceed,
or enter new name. (Default extension: cls)

Enter file name: 
main.tex:6: Emergency stop.
<read *> 
         
l.6 ^^M
       
*** (cannot \read from terminal in nonstop modes)

 
Here is how much of TeX's memory you used:
 21 strings out of 467500
 408 string characters out of 5407539
 435380 words of memory out of 5000000
 29369 multiletter control sequences out of 15000+600000
 627721 words of font info for 40 fonts, out of 8000000 for 9000
 1141 hyphenation exceptions out of 8191
 19i,0n,29p,104b,17s stack positions out of 10000i,1000n,20000p,200000b,200000s
main.tex:6:  ==> Fatal error occurred, no output PDF file produced!
